Archive member included to satisfy reference by file (symbol)

c:/st/stm32cubeide_1.7.0/stm32cubeide/plugins/com.st.stm32cube.ide.mcu.externaltools.gnu-tools-for-stm32.9-2020-q2-update.win32_2.0.0.202105311346/tools/bin/../lib/gcc/arm-none-eabi/9.3.1/../../../../arm-none-eabi/lib/thumb/v7-m/nofp\libc_nano.a(lib_a-errno.o)
                              ./Core/Src/syscalls.o (__errno)
c:/st/stm32cubeide_1.7.0/stm32cubeide/plugins/com.st.stm32cube.ide.mcu.externaltools.gnu-tools-for-stm32.9-2020-q2-update.win32_2.0.0.202105311346/tools/bin/../lib/gcc/arm-none-eabi/9.3.1/../../../../arm-none-eabi/lib/thumb/v7-m/nofp\libc_nano.a(lib_a-exit.o)
                              c:/st/stm32cubeide_1.7.0/stm32cubeide/plugins/com.st.stm32cube.ide.mcu.externaltools.gnu-tools-for-stm32.9-2020-q2-update.win32_2.0.0.202105311346/tools/bin/../lib/gcc/arm-none-eabi/9.3.1/../../../../arm-none-eabi/lib/thumb/v7-m/nofp/crt0.o (exit)
c:/st/stm32cubeide_1.7.0/stm32cubeide/plugins/com.st.stm32cube.ide.mcu.externaltools.gnu-tools-for-stm32.9-2020-q2-update.win32_2.0.0.202105311346/tools/bin/../lib/gcc/arm-none-eabi/9.3.1/../../../../arm-none-eabi/lib/thumb/v7-m/nofp\libc_nano.a(lib_a-impure.o)
                              c:/st/stm32cubeide_1.7.0/stm32cubeide/plugins/com.st.stm32cube.ide.mcu.externaltools.gnu-tools-for-stm32.9-2020-q2-update.win32_2.0.0.202105311346/tools/bin/../lib/gcc/arm-none-eabi/9.3.1/../../../../arm-none-eabi/lib/thumb/v7-m/nofp\libc_nano.a(lib_a-exit.o) (_global_impure_ptr)
c:/st/stm32cubeide_1.7.0/stm32cubeide/plugins/com.st.stm32cube.ide.mcu.externaltools.gnu-tools-for-stm32.9-2020-q2-update.win32_2.0.0.202105311346/tools/bin/../lib/gcc/arm-none-eabi/9.3.1/../../../../arm-none-eabi/lib/thumb/v7-m/nofp\libc_nano.a(lib_a-init.o)
                              c:/st/stm32cubeide_1.7.0/stm32cubeide/plugins/com.st.stm32cube.ide.mcu.externaltools.gnu-tools-for-stm32.9-2020-q2-update.win32_2.0.0.202105311346/tools/bin/../lib/gcc/arm-none-eabi/9.3.1/../../../../arm-none-eabi/lib/thumb/v7-m/nofp/crt0.o (__libc_init_array)
c:/st/stm32cubeide_1.7.0/stm32cubeide/plugins/com.st.stm32cube.ide.mcu.externaltools.gnu-tools-for-stm32.9-2020-q2-update.win32_2.0.0.202105311346/tools/bin/../lib/gcc/arm-none-eabi/9.3.1/../../../../arm-none-eabi/lib/thumb/v7-m/nofp\libc_nano.a(lib_a-memset.o)
                              c:/st/stm32cubeide_1.7.0/stm32cubeide/plugins/com.st.stm32cube.ide.mcu.externaltools.gnu-tools-for-stm32.9-2020-q2-update.win32_2.0.0.202105311346/tools/bin/../lib/gcc/arm-none-eabi/9.3.1/../../../../arm-none-eabi/lib/thumb/v7-m/nofp/crt0.o (memset)

Allocating common symbols
Common symbol       size              file

uwTick              0x4               ./Drivers/STM32F1xx_HAL_Driver/Src/stm32f1xx_hal.o
pFlash              0x20              ./Drivers/STM32F1xx_HAL_Driver/Src/stm32f1xx_hal_flash.o
htim2               0x48              ./Core/Src/main.o

Discarded input sections

 .text          0x0000000000000000        0x0 c:/st/stm32cubeide_1.7.0/stm32cubeide/plugins/com.st.stm32cube.ide.mcu.externaltools.gnu-tools-for-stm32.9-2020-q2-update.win32_2.0.0.202105311346/tools/bin/../lib/gcc/arm-none-eabi/9.3.1/thumb/v7-m/nofp/crti.o
 .data          0x0000000000000000        0x0 c:/st/stm32cubeide_1.7.0/stm32cubeide/plugins/com.st.stm32cube.ide.mcu.externaltools.gnu-tools-for-stm32.9-2020-q2-update.win32_2.0.0.202105311346/tools/bin/../lib/gcc/arm-none-eabi/9.3.1/thumb/v7-m/nofp/crti.o
 .bss           0x0000000000000000        0x0 c:/st/stm32cubeide_1.7.0/stm32cubeide/plugins/com.st.stm32cube.ide.mcu.externaltools.gnu-tools-for-stm32.9-2020-q2-update.win32_2.0.0.202105311346/tools/bin/../lib/gcc/arm-none-eabi/9.3.1/thumb/v7-m/nofp/crti.o
 .data          0x0000000000000000        0x4 c:/st/stm32cubeide_1.7.0/stm32cubeide/plugins/com.st.stm32cube.ide.mcu.externaltools.gnu-tools-for-stm32.9-2020-q2-update.win32_2.0.0.202105311346/tools/bin/../lib/gcc/arm-none-eabi/9.3.1/thumb/v7-m/nofp/crtbegin.o
 .text          0x0000000000000000       0x7c c:/st/stm32cubeide_1.7.0/stm32cubeide/plugins/com.st.stm32cube.ide.mcu.externaltools.gnu-tools-for-stm32.9-2020-q2-update.win32_2.0.0.202105311346/tools/bin/../lib/gcc/arm-none-eabi/9.3.1/../../../../arm-none-eabi/lib/thumb/v7-m/nofp/crt0.o
 .data          0x0000000000000000        0x0 c:/st/stm32cubeide_1.7.0/stm32cubeide/plugins/com.st.stm32cube.ide.mcu.externaltools.gnu-tools-for-stm32.9-2020-q2-update.win32_2.0.0.202105311346/tools/bin/../lib/gcc/arm-none-eabi/9.3.1/../../../../arm-none-eabi/lib/thumb/v7-m/nofp/crt0.o
 .bss           0x0000000000000000        0x0 c:/st/stm32cubeide_1.7.0/stm32cubeide/plugins/com.st.stm32cube.ide.mcu.externaltools.gnu-tools-for-stm32.9-2020-q2-update.win32_2.0.0.202105311346/tools/bin/../lib/gcc/arm-none-eabi/9.3.1/../../../../arm-none-eabi/lib/thumb/v7-m/nofp/crt0.o
[...]
Memory Configuration

Name             Origin             Length             Attributes
RAM              0x0000000020000000 0x0000000000005000 xrw
FLASH            0x0000000008000000 0x0000000000020000 xr
*default*        0x0000000000000000 0xffffffffffffffff

Linker script and memory map

LOAD c:/st/stm32cubeide_1.7.0/stm32cubeide/plugins/com.st.stm32cube.ide.mcu.externaltools.gnu-tools-for-stm32.9-2020-q2-update.win32_2.0.0.202105311346/tools/bin/../lib/gcc/arm-none-eabi/9.3.1/thumb/v7-m/nofp/crti.o
LOAD c:/st/stm32cubeide_1.7.0/stm32cubeide/plugins/com.st.stm32cube.ide.mcu.externaltools.gnu-tools-for-stm32.9-2020-q2-update.win32_2.0.0.202105311346/tools/bin/../lib/gcc/arm-none-eabi/9.3.1/thumb/v7-m/nofp/crtbegin.o
LOAD c:/st/stm32cubeide_1.7.0/stm32cubeide/plugins/com.st.stm32cube.ide.mcu.externaltools.gnu-tools-for-stm32.9-2020-q2-update.win32_2.0.0.202105311346/tools/bin/../lib/gcc/arm-none-eabi/9.3.1/../../../../arm-none-eabi/lib/thumb/v7-m/nofp/crt0.o
LOAD ./Core/Src/7seg.o
LOAD ./Core/Src/input_processing.o
LOAD ./Core/Src/input_reading.o
LOAD ./Core/Src/main.o
LOAD ./Core/Src/mode_processing.o
LOAD ./Core/Src/normal_mode.o
LOAD ./Core/Src/software_timer.o
LOAD ./Core/Src/stm32f1xx_hal_msp.o
LOAD ./Core/Src/stm32f1xx_it.o
LOAD ./Core/Src/syscalls.o
LOAD ./Core/Src/sysmem.o
LOAD ./Core/Src/system_stm32f1xx.o
LOAD ./Core/Src/timer.o
LOAD ./Core/Startup/startup_stm32f103rbtx.o
LOAD ./Drivers/STM32F1xx_HAL_Driver/Src/stm32f1xx_hal.o
LOAD ./Drivers/STM32F1xx_HAL_Driver/Src/stm32f1xx_hal_cortex.o
LOAD ./Drivers/STM32F1xx_HAL_Driver/Src/stm32f1xx_hal_dma.o
LOAD ./Drivers/STM32F1xx_HAL_Driver/Src/stm32f1xx_hal_exti.o
LOAD ./Drivers/STM32F1xx_HAL_Driver/Src/stm32f1xx_hal_flash.o
LOAD ./Drivers/STM32F1xx_HAL_Driver/Src/stm32f1xx_hal_flash_ex.o
LOAD ./Drivers/STM32F1xx_HAL_Driver/Src/stm32f1xx_hal_gpio.o
LOAD ./Drivers/STM32F1xx_HAL_Driver/Src/stm32f1xx_hal_gpio_ex.o
LOAD ./Drivers/STM32F1xx_HAL_Driver/Src/stm32f1xx_hal_pwr.o
LOAD ./Drivers/STM32F1xx_HAL_Driver/Src/stm32f1xx_hal_rcc.o
LOAD ./Drivers/STM32F1xx_HAL_Driver/Src/stm32f1xx_hal_rcc_ex.o
LOAD ./Drivers/STM32F1xx_HAL_Driver/Src/stm32f1xx_hal_tim.o
LOAD ./Drivers/STM32F1xx_HAL_Driver/Src/stm32f1xx_hal_tim_ex.o
START GROUP
LOAD c:/st/stm32cubeide_1.7.0/stm32cubeide/plugins/com.st.stm32cube.ide.mcu.externaltools.gnu-tools-for-stm32.9-2020-q2-update.win32_2.0.0.202105311346/tools/bin/../lib/gcc/arm-none-eabi/9.3.1/../../../../arm-none-eabi/lib/thumb/v7-m/nofp\libc_nano.a
LOAD c:/st/stm32cubeide_1.7.0/stm32cubeide/plugins/com.st.stm32cube.ide.mcu.externaltools.gnu-tools-for-stm32.9-2020-q2-update.win32_2.0.0.202105311346/tools/bin/../lib/gcc/arm-none-eabi/9.3.1/../../../../arm-none-eabi/lib/thumb/v7-m/nofp\libm.a
END GROUP
START GROUP
LOAD c:/st/stm32cubeide_1.7.0/stm32cubeide/plugins/com.st.stm32cube.ide.mcu.externaltools.gnu-tools-for-stm32.9-2020-q2-update.win32_2.0.0.202105311346/tools/bin/../lib/gcc/arm-none-eabi/9.3.1/thumb/v7-m/nofp\libgcc.a
LOAD c:/st/stm32cubeide_1.7.0/stm32cubeide/plugins/com.st.stm32cube.ide.mcu.externaltools.gnu-tools-for-stm32.9-2020-q2-update.win32_2.0.0.202105311346/tools/bin/../lib/gcc/arm-none-eabi/9.3.1/../../../../arm-none-eabi/lib/thumb/v7-m/nofp\libc_nano.a
END GROUP
START GROUP
LOAD c:/st/stm32cubeide_1.7.0/stm32cubeide/plugins/com.st.stm32cube.ide.mcu.externaltools.gnu-tools-for-stm32.9-2020-q2-update.win32_2.0.0.202105311346/tools/bin/../lib/gcc/arm-none-eabi/9.3.1/thumb/v7-m/nofp\libgcc.a
LOAD c:/st/stm32cubeide_1.7.0/stm32cubeide/plugins/com.st.stm32cube.ide.mcu.externaltools.gnu-tools-for-stm32.9-2020-q2-update.win32_2.0.0.202105311346/tools/bin/../lib/gcc/arm-none-eabi/9.3.1/../../../../arm-none-eabi/lib/thumb/v7-m/nofp\libc_nano.a
LOAD c:/st/stm32cubeide_1.7.0/stm32cubeide/plugins/com.st.stm32cube.ide.mcu.externaltools.gnu-tools-for-stm32.9-2020-q2-update.win32_2.0.0.202105311346/tools/bin/../lib/gcc/arm-none-eabi/9.3.1/../../../../arm-none-eabi/lib/thumb/v7-m/nofp\libnosys.a
END GROUP
START GROUP
LOAD c:/st/stm32cubeide_1.7.0/stm32cubeide/plugins/com.st.stm32cube.ide.mcu.externaltools.gnu-tools-for-stm32.9-2020-q2-update.win32_2.0.0.202105311346/tools/bin/../lib/gcc/arm-none-eabi/9.3.1/thumb/v7-m/nofp\libgcc.a
LOAD c:/st/stm32cubeide_1.7.0/stm32cubeide/plugins/com.st.stm32cube.ide.mcu.externaltools.gnu-tools-for-stm32.9-2020-q2-update.win32_2.0.0.202105311346/tools/bin/../lib/gcc/arm-none-eabi/9.3.1/../../../../arm-none-eabi/lib/thumb/v7-m/nofp\libc_nano.a
LOAD c:/st/stm32cubeide_1.7.0/stm32cubeide/plugins/com.st.stm32cube.ide.mcu.externaltools.gnu-tools-for-stm32.9-2020-q2-update.win32_2.0.0.202105311346/tools/bin/../lib/gcc/arm-none-eabi/9.3.1/../../../../arm-none-eabi/lib/thumb/v7-m/nofp\libnosys.a
END GROUP
LOAD c:/st/stm32cubeide_1.7.0/stm32cubeide/plugins/com.st.stm32cube.ide.mcu.externaltools.gnu-tools-for-stm32.9-2020-q2-update.win32_2.0.0.202105311346/tools/bin/../lib/gcc/arm-none-eabi/9.3.1/thumb/v7-m/nofp/crtend.o
LOAD c:/st/stm32cubeide_1.7.0/stm32cubeide/plugins/com.st.stm32cube.ide.mcu.externaltools.gnu-tools-for-stm32.9-2020-q2-update.win32_2.0.0.202105311346/tools/bin/../lib/gcc/arm-none-eabi/9.3.1/thumb/v7-m/nofp/crtn.o
                0x0000000020005000                _estack = (ORIGIN (RAM) + LENGTH (RAM))
                0x0000000000000200                _Min_Heap_Size = 0x200
                0x0000000000000400                _Min_Stack_Size = 0x400

.isr_vector     0x0000000008000000      0x10c
                0x0000000008000000                . = ALIGN (0x4)
 *(.isr_vector)
 .isr_vector    0x0000000008000000      0x10c ./Core/Startup/startup_stm32f103rbtx.o
                0x0000000008000000                g_pfnVectors
                0x000000000800010c                . = ALIGN (0x4)

.text           0x000000000800010c     0x2ab8
                0x000000000800010c                . = ALIGN (0x4)
 *(.text)
 .text          0x000000000800010c       0x40 c:/st/stm32cubeide_1.7.0/stm32cubeide/plugins/com.st.stm32cube.ide.mcu.externaltools.gnu-tools-for-stm32.9-2020-q2-update.win32_2.0.0.202105311346/tools/bin/../lib/gcc/arm-none-eabi/9.3.1/thumb/v7-m/nofp/crtbegin.o
 *(.text*)
 .text.display7SEG_0
                0x000000000800014c      0x350 ./Core/Src/7seg.o
                0x000000000800014c                display7SEG_0
 .text.display7SEG_1
                0x000000000800049c      0x388 ./Core/Src/7seg.o
                0x000000000800049c                display7SEG_1
 .text.display7SEG
                0x0000000008000824       0x48 ./Core/Src/7seg.o
                0x0000000008000824                display7SEG
 .text.fsm_for_input_processing
                0x000000000800086c      0x1b0 ./Core/Src/input_processing.o
                0x000000000800086c                fsm_for_input_processing
 .text.button_reading
                0x0000000008000a1c       0xc8 ./Core/Src/input_reading.o
                0x0000000008000a1c                button_reading
 .text.is_button_pressed
                0x0000000008000ae4       0x34 ./Core/Src/input_reading.o
                0x0000000008000ae4                is_button_pressed
 .text.is_button_pressed_1s
                0x0000000008000b18       0x34 ./Core/Src/input_reading.o
                0x0000000008000b18                is_button_pressed_1s
 .text.main     0x0000000008000b4c       0x24 ./Core/Src/main.o
                0x0000000008000b4c                main
 .text.SystemClock_Config
                0x0000000008000b70       0x82 ./Core/Src/main.o
                0x0000000008000b70                SystemClock_Config
 *fill*         0x0000000008000bf2        0x2 
 .text.MX_TIM2_Init
                0x0000000008000bf4       0x98 ./Core/Src/main.o
 .text.MX_GPIO_Init
                0x0000000008000c8c      0x10c ./Core/Src/main.o
 .text.Error_Handler
                0x0000000008000d98        0xa ./Core/Src/main.o
                0x0000000008000d98                Error_Handler
 *fill*         0x0000000008000da2        0x2 
 .text.modify_red
                0x0000000008000da4       0x54 ./Core/Src/mode_processing.o
                0x0000000008000da4                modify_red
 .text.modify_yellow
                0x0000000008000df8       0x54 ./Core/Src/mode_processing.o
                0x0000000008000df8                modify_yellow
 .text.modify_green
                0x0000000008000e4c       0x54 ./Core/Src/mode_processing.o
                0x0000000008000e4c                modify_green
 .text.mode_processing
                0x0000000008000ea0      0x170 ./Core/Src/mode_processing.o
                0x0000000008000ea0                mode_processing
 .text.seven_segment_state
                0x0000000008001010      0x118 ./Core/Src/normal_mode.o
                0x0000000008001010                seven_segment_state
 .text.traffic_light
                0x0000000008001128      0x238 ./Core/Src/normal_mode.o
                0x0000000008001128                traffic_light
 .text.setTimer0
                0x0000000008001360       0x38 ./Core/Src/software_timer.o
                0x0000000008001360                setTimer0
 .text.timerRun
                0x0000000008001398       0x34 ./Core/Src/software_timer.o
                0x0000000008001398                timerRun
 .text.HAL_MspInit
                0x00000000080013cc       0x64 ./Core/Src/stm32f1xx_hal_msp.o
                0x00000000080013cc                HAL_MspInit
 .text.HAL_TIM_Base_MspInit
                0x0000000008001430       0x48 ./Core/Src/stm32f1xx_hal_msp.o
                0x0000000008001430                HAL_TIM_Base_MspInit
 .text.NMI_Handler
                0x0000000008001478        0x6 ./Core/Src/stm32f1xx_it.o
                0x0000000008001478                NMI_Handler
 .text.HardFault_Handler
                0x000000000800147e        0x6 ./Core/Src/stm32f1xx_it.o
                0x000000000800147e                HardFault_Handler
 .text.MemManage_Handler
                0x0000000008001484        0x6 ./Core/Src/stm32f1xx_it.o
                0x0000000008001484                MemManage_Handler
 .text.BusFault_Handler
                0x000000000800148a        0x6 ./Core/Src/stm32f1xx_it.o
                0x000000000800148a                BusFault_Handler
 .text.UsageFault_Handler
                0x0000000008001490        0x6 ./Core/Src/stm32f1xx_it.o
                0x0000000008001490                UsageFault_Handler
 .text.SVC_Handler
                0x0000000008001496        0xc ./Core/Src/stm32f1xx_it.o
                0x0000000008001496                SVC_Handler
 .text.DebugMon_Handler
                0x00000000080014a2        0xc ./Core/Src/stm32f1xx_it.o
                0x00000000080014a2                DebugMon_Handler
 .text.PendSV_Handler
                0x00000000080014ae        0xc ./Core/Src/stm32f1xx_it.o
                0x00000000080014ae                PendSV_Handler
 .text.SysTick_Handler
                0x00000000080014ba        0xc ./Core/Src/stm32f1xx_it.o
                0x00000000080014ba                SysTick_Handler
 *fill*         0x00000000080014c6        0x2 
 .text.TIM2_IRQHandler
                0x00000000080014c8       0x14 ./Core/Src/stm32f1xx_it.o
                0x00000000080014c8                TIM2_IRQHandler
 .text.SystemInit
                0x00000000080014dc        0xc ./Core/Src/system_stm32f1xx.o
                0x00000000080014dc                SystemInit
 .text.HAL_TIM_PeriodElapsedCallback
                0x00000000080014e8       0x22 ./Core/Src/timer.o
                0x00000000080014e8                HAL_TIM_PeriodElapsedCallback
 *fill*         0x000000000800150a        0x2 
 .text.Reset_Handler
                0x000000000800150c       0x48 ./Core/Startup/startup_stm32f103rbtx.o
                0x000000000800150c                Reset_Handler
 .text.Default_Handler
                0x0000000008001554        0x2 ./Core/Startup/startup_stm32f103rbtx.o
                0x0000000008001554                RTC_Alarm_IRQHandler
                0x0000000008001554                EXTI2_IRQHandler
                0x0000000008001554                TIM1_CC_IRQHandler
                0x0000000008001554                PVD_IRQHandler
                0x0000000008001554                EXTI3_IRQHandler
                0x0000000008001554                EXTI0_IRQHandler
                0x0000000008001554                I2C2_EV_IRQHandler
                0x0000000008001554                ADC1_2_IRQHandler
                0x0000000008001554                SPI1_IRQHandler
                0x0000000008001554                TAMPER_IRQHandler
                0x0000000008001554                DMA1_Channel4_IRQHandler
                0x0000000008001554                USART3_IRQHandler
                0x0000000008001554                RTC_IRQHandler
                0x0000000008001554                DMA1_Channel7_IRQHandler
                0x0000000008001554                CAN1_RX1_IRQHandler
                0x0000000008001554                TIM4_IRQHandler
                0x0000000008001554                I2C1_EV_IRQHandler
                0x0000000008001554                DMA1_Channel6_IRQHandler
                0x0000000008001554                TIM3_IRQHandler
                0x0000000008001554                RCC_IRQHandler
                0x0000000008001554                TIM1_TRG_COM_IRQHandler
                0x0000000008001554                DMA1_Channel1_IRQHandler
                0x0000000008001554                Default_Handler
                0x0000000008001554                EXTI15_10_IRQHandler
                0x0000000008001554                EXTI9_5_IRQHandler
                0x0000000008001554                SPI2_IRQHandler
                0x0000000008001554                DMA1_Channel5_IRQHandler
                0x0000000008001554                EXTI4_IRQHandler
                0x0000000008001554                USB_LP_CAN1_RX0_IRQHandler
                0x0000000008001554                USB_HP_CAN1_TX_IRQHandler
                0x0000000008001554                DMA1_Channel3_IRQHandler
                0x0000000008001554                TIM1_UP_IRQHandler
                0x0000000008001554                WWDG_IRQHandler
                0x0000000008001554                TIM1_BRK_IRQHandler
                0x0000000008001554                EXTI1_IRQHandler
                0x0000000008001554                USART2_IRQHandler
                0x0000000008001554                I2C2_ER_IRQHandler
                0x0000000008001554                DMA1_Channel2_IRQHandler
                0x0000000008001554                CAN1_SCE_IRQHandler
                0x0000000008001554                FLASH_IRQHandler
                0x0000000008001554                USART1_IRQHandler
                0x0000000008001554                I2C1_ER_IRQHandler
                0x0000000008001554                USBWakeUp_IRQHandler
 *fill*         0x0000000008001556        0x2 
 .text.HAL_Init
                0x0000000008001558       0x2c ./Drivers/STM32F1xx_HAL_Driver/Src/stm32f1xx_hal.o
                0x0000000008001558                HAL_Init
 .text.HAL_InitTick
                0x0000000008001584       0x60 ./Drivers/STM32F1xx_HAL_Driver/Src/stm32f1xx_hal.o
                0x0000000008001584                HAL_InitTick
 .text.HAL_IncTick
                0x00000000080015e4       0x24 ./Drivers/STM32F1xx_HAL_Driver/Src/stm32f1xx_hal.o
                0x00000000080015e4                HAL_IncTick
 .text.HAL_GetTick
                0x0000000008001608       0x14 ./Drivers/STM32F1xx_HAL_Driver/Src/stm32f1xx_hal.o
                0x0000000008001608                HAL_GetTick
 .text.__NVIC_SetPriorityGrouping
                0x000000000800161c       0x48 ./Drivers/STM32F1xx_HAL_Driver/Src/stm32f1xx_hal_cortex.o
 .text.__NVIC_GetPriorityGrouping
                0x0000000008001664       0x1c ./Drivers/STM32F1xx_HAL_Driver/Src/stm32f1xx_hal_cortex.o
 .text.__NVIC_EnableIRQ
                0x0000000008001680       0x38 ./Drivers/STM32F1xx_HAL_Driver/Src/stm32f1xx_hal_cortex.o
 .text.__NVIC_SetPriority
                0x00000000080016b8       0x54 ./Drivers/STM32F1xx_HAL_Driver/Src/stm32f1xx_hal_cortex.o
 .text.NVIC_EncodePriority
                0x000000000800170c       0x64 ./Drivers/STM32F1xx_HAL_Driver/Src/stm32f1xx_hal_cortex.o
 .text.SysTick_Config
                0x0000000008001770       0x44 ./Drivers/STM32F1xx_HAL_Driver/Src/stm32f1xx_hal_cortex.o
 .text.HAL_NVIC_SetPriorityGrouping
                0x00000000080017b4       0x16 ./Drivers/STM32F1xx_HAL_Driver/Src/stm32f1xx_hal_cortex.o
                0x00000000080017b4                HAL_NVIC_SetPriorityGrouping
 .text.HAL_NVIC_SetPriority
                0x00000000080017ca       0x38 ./Drivers/STM32F1xx_HAL_Driver/Src/stm32f1xx_hal_cortex.o
                0x00000000080017ca                HAL_NVIC_SetPriority
 .text.HAL_NVIC_EnableIRQ
                0x0000000008001802       0x1c ./Drivers/STM32F1xx_HAL_Driver/Src/stm32f1xx_hal_cortex.o
                0x0000000008001802                HAL_NVIC_EnableIRQ
 .text.HAL_SYSTICK_Config
                0x000000000800181e       0x18 ./Drivers/STM32F1xx_HAL_Driver/Src/stm32f1xx_hal_cortex.o
                0x000000000800181e                HAL_SYSTICK_Config
 *fill*         0x0000000008001836        0x2 
 .text.HAL_GPIO_Init
                0x0000000008001838      0x308 ./Drivers/STM32F1xx_HAL_Driver/Src/stm32f1xx_hal_gpio.o
                0x0000000008001838                HAL_GPIO_Init
 .text.HAL_GPIO_ReadPin
                0x0000000008001b40       0x2e ./Drivers/STM32F1xx_HAL_Driver/Src/stm32f1xx_hal_gpio.o
                0x0000000008001b40                HAL_GPIO_ReadPin
 .text.HAL_GPIO_WritePin
                0x0000000008001b6e       0x30 ./Drivers/STM32F1xx_HAL_Driver/Src/stm32f1xx_hal_gpio.o
                0x0000000008001b6e                HAL_GPIO_WritePin
 *fill*         0x0000000008001b9e        0x2 
 .text.HAL_RCC_OscConfig
                0x0000000008001ba0      0x500 ./Drivers/STM32F1xx_HAL_Driver/Src/stm32f1xx_hal_rcc.o
                0x0000000008001ba0                HAL_RCC_OscConfig
 .text.HAL_RCC_ClockConfig
                0x00000000080020a0      0x1d4 ./Drivers/STM32F1xx_HAL_Driver/Src/stm32f1xx_hal_rcc.o
                0x00000000080020a0                HAL_RCC_ClockConfig
 .text.HAL_RCC_GetSysClockFreq
                0x0000000008002274       0xa8 ./Drivers/STM32F1xx_HAL_Driver/Src/stm32f1xx_hal_rcc.o
                0x0000000008002274                HAL_RCC_GetSysClockFreq
 .text.RCC_Delay
                0x000000000800231c       0x3c ./Drivers/STM32F1xx_HAL_Driver/Src/stm32f1xx_hal_rcc.o
 .text.HAL_TIM_Base_Init
                0x0000000008002358       0x9e ./Drivers/STM32F1xx_HAL_Driver/Src/stm32f1xx_hal_tim.o
                0x0000000008002358                HAL_TIM_Base_Init
 *fill*         0x00000000080023f6        0x2 
 .text.HAL_TIM_Base_Start_IT
                0x00000000080023f8       0xa4 ./Drivers/STM32F1xx_HAL_Driver/Src/stm32f1xx_hal_tim.o
                0x00000000080023f8                HAL_TIM_Base_Start_IT
 .text.HAL_TIM_IRQHandler
                0x000000000800249c      0x210 ./Drivers/STM32F1xx_HAL_Driver/Src/stm32f1xx_hal_tim.o
                0x000000000800249c                HAL_TIM_IRQHandler
 .text.HAL_TIM_ConfigClockSource
                0x00000000080026ac      0x18e ./Drivers/STM32F1xx_HAL_Driver/Src/stm32f1xx_hal_tim.o
                0x00000000080026ac                HAL_TIM_ConfigClockSource
 .text.HAL_TIM_OC_DelayElapsedCallback
                0x000000000800283a       0x12 ./Drivers/STM32F1xx_HAL_Driver/Src/stm32f1xx_hal_tim.o
                0x000000000800283a                HAL_TIM_OC_DelayElapsedCallback
 .text.HAL_TIM_IC_CaptureCallback
                0x000000000800284c       0x12 ./Drivers/STM32F1xx_HAL_Driver/Src/stm32f1xx_hal_tim.o
                0x000000000800284c                HAL_TIM_IC_CaptureCallback
 .text.HAL_TIM_PWM_PulseFinishedCallback
                0x000000000800285e       0x12 ./Drivers/STM32F1xx_HAL_Driver/Src/stm32f1xx_hal_tim.o
                0x000000000800285e                HAL_TIM_PWM_PulseFinishedCallback
 .text.HAL_TIM_TriggerCallback
                0x0000000008002870       0x12 ./Drivers/STM32F1xx_HAL_Driver/Src/stm32f1xx_hal_tim.o
                0x0000000008002870                HAL_TIM_TriggerCallback
 *fill*         0x0000000008002882        0x2 
 .text.TIM_Base_SetConfig
                0x0000000008002884       0xc4 ./Drivers/STM32F1xx_HAL_Driver/Src/stm32f1xx_hal_tim.o
                0x0000000008002884                TIM_Base_SetConfig
 .text.TIM_TI1_ConfigInputStage
                0x0000000008002948       0x5c ./Drivers/STM32F1xx_HAL_Driver/Src/stm32f1xx_hal_tim.o
 .text.TIM_TI2_ConfigInputStage
                0x00000000080029a4       0x5e ./Drivers/STM32F1xx_HAL_Driver/Src/stm32f1xx_hal_tim.o
 .text.TIM_ITRx_SetConfig
                0x0000000008002a02       0x34 ./Drivers/STM32F1xx_HAL_Driver/Src/stm32f1xx_hal_tim.o
 .text.TIM_ETR_SetConfig
                0x0000000008002a36       0x3e ./Drivers/STM32F1xx_HAL_Driver/Src/stm32f1xx_hal_tim.o
                0x0000000008002a36                TIM_ETR_SetConfig
 .text.HAL_TIMEx_MasterConfigSynchronization
                0x0000000008002a74       0xbc ./Drivers/STM32F1xx_HAL_Driver/Src/stm32f1xx_hal_tim_ex.o
                0x0000000008002a74                HAL_TIMEx_MasterConfigSynchronization
 .text.HAL_TIMEx_CommutCallback
                0x0000000008002b30       0x12 ./Drivers/STM32F1xx_HAL_Driver/Src/stm32f1xx_hal_tim_ex.o
                0x0000000008002b30                HAL_TIMEx_CommutCallback
 .text.HAL_TIMEx_BreakCallback
                0x0000000008002b42       0x12 ./Drivers/STM32F1xx_HAL_Driver/Src/stm32f1xx_hal_tim_ex.o
                0x0000000008002b42                HAL_TIMEx_BreakCallback
 .text.__libc_init_array
                0x0000000008002b54       0x48 c:/st/stm32cubeide_1.7.0/stm32cubeide/plugins/com.st.stm32cube.ide.mcu.externaltools.gnu-tools-for-stm32.9-2020-q2-update.win32_2.0.0.202105311346/tools/bin/../lib/gcc/arm-none-eabi/9.3.1/../../../../arm-none-eabi/lib/thumb/v7-m/nofp\libc_nano.a(lib_a-init.o)
                0x0000000008002b54                __libc_init_array
 .text.memset   0x0000000008002b9c       0x10 c:/st/stm32cubeide_1.7.0/stm32cubeide/plugins/com.st.stm32cube.ide.mcu.externaltools.gnu-tools-for-stm32.9-2020-q2-update.win32_2.0.0.202105311346/tools/bin/../lib/gcc/arm-none-eabi/9.3.1/../../../../arm-none-eabi/lib/thumb/v7-m/nofp\libc_nano.a(lib_a-memset.o)
                0x0000000008002b9c                memset
 *(.glue_7)
 .glue_7        0x0000000008002bac        0x0 linker stubs
 *(.glue_7t)
 .glue_7t       0x0000000008002bac        0x0 linker stubs
 *(.eh_frame)
 .eh_frame      0x0000000008002bac        0x0 c:/st/stm32cubeide_1.7.0/stm32cubeide/plugins/com.st.stm32cube.ide.mcu.externaltools.gnu-tools-for-stm32.9-2020-q2-update.win32_2.0.0.202105311346/tools/bin/../lib/gcc/arm-none-eabi/9.3.1/thumb/v7-m/nofp/crtbegin.o
 *(.init)
 .init          0x0000000008002bac        0x4 c:/st/stm32cubeide_1.7.0/stm32cubeide/plugins/com.st.stm32cube.ide.mcu.externaltools.gnu-tools-for-stm32.9-2020-q2-update.win32_2.0.0.202105311346/tools/bin/../lib/gcc/arm-none-eabi/9.3.1/thumb/v7-m/nofp/crti.o
                0x0000000008002bac                _init
 .init          0x0000000008002bb0        0x8 c:/st/stm32cubeide_1.7.0/stm32cubeide/plugins/com.st.stm32cube.ide.mcu.externaltools.gnu-tools-for-stm32.9-2020-q2-update.win32_2.0.0.202105311346/tools/bin/../lib/gcc/arm-none-eabi/9.3.1/thumb/v7-m/nofp/crtn.o
 *(.fini)
 .fini          0x0000000008002bb8        0x4 c:/st/stm32cubeide_1.7.0/stm32cubeide/plugins/com.st.stm32cube.ide.mcu.externaltools.gnu-tools-for-stm32.9-2020-q2-update.win32_2.0.0.202105311346/tools/bin/../lib/gcc/arm-none-eabi/9.3.1/thumb/v7-m/nofp/crti.o
                0x0000000008002bb8                _fini
 .fini          0x0000000008002bbc        0x8 c:/st/stm32cubeide_1.7.0/stm32cubeide/plugins/com.st.stm32cube.ide.mcu.externaltools.gnu-tools-for-stm32.9-2020-q2-update.win32_2.0.0.202105311346/tools/bin/../lib/gcc/arm-none-eabi/9.3.1/thumb/v7-m/nofp/crtn.o
                0x0000000008002bc4                . = ALIGN (0x4)
                0x0000000008002bc4                _etext = .

.vfp11_veneer   0x0000000008002bc4        0x0
 .vfp11_veneer  0x0000000008002bc4        0x0 linker stubs

.v4_bx          0x0000000008002bc4        0x0
 .v4_bx         0x0000000008002bc4        0x0 linker stubs

.iplt           0x0000000008002bc4        0x0
 .iplt          0x0000000008002bc4        0x0 c:/st/stm32cubeide_1.7.0/stm32cubeide/plugins/com.st.stm32cube.ide.mcu.externaltools.gnu-tools-for-stm32.9-2020-q2-update.win32_2.0.0.202105311346/tools/bin/../lib/gcc/arm-none-eabi/9.3.1/thumb/v7-m/nofp/crtbegin.o

.rodata         0x0000000008002bc4       0x24
                0x0000000008002bc4                . = ALIGN (0x4)
 *(.rodata)
 *(.rodata*)
 .rodata.AHBPrescTable
                0x0000000008002bc4       0x10 ./Core/Src/system_stm32f1xx.o
                0x0000000008002bc4                AHBPrescTable
 .rodata.aPLLMULFactorTable.6037
                0x0000000008002bd4       0x10 ./Drivers/STM32F1xx_HAL_Driver/Src/stm32f1xx_hal_rcc.o
 .rodata.aPredivFactorTable.6038
                0x0000000008002be4        0x2 ./Drivers/STM32F1xx_HAL_Driver/Src/stm32f1xx_hal_rcc.o
                0x0000000008002be8                . = ALIGN (0x4)
 *fill*         0x0000000008002be6        0x2 

.rel.dyn        0x0000000008002be8        0x0
 .rel.iplt      0x0000000008002be8        0x0 c:/st/stm32cubeide_1.7.0/stm32cubeide/plugins/com.st.stm32cube.ide.mcu.externaltools.gnu-tools-for-stm32.9-2020-q2-update.win32_2.0.0.202105311346/tools/bin/../lib/gcc/arm-none-eabi/9.3.1/thumb/v7-m/nofp/crtbegin.o

.ARM.extab      0x0000000008002be8        0x0
                0x0000000008002be8                . = ALIGN (0x4)
 *(.ARM.extab* .gnu.linkonce.armextab.*)
                0x0000000008002be8                . = ALIGN (0x4)

.ARM            0x0000000008002be8        0x0
                0x0000000008002be8                . = ALIGN (0x4)
                0x0000000008002be8                __exidx_start = .
 *(.ARM.exidx*)
                0x0000000008002be8                __exidx_end = .
                0x0000000008002be8                . = ALIGN (0x4)

.preinit_array  0x0000000008002be8        0x0
                0x0000000008002be8                . = ALIGN (0x4)
                0x0000000008002be8                PROVIDE (__preinit_array_start = .)
 *(.preinit_array*)
                0x0000000008002be8                PROVIDE (__preinit_array_end = .)
                0x0000000008002be8                . = ALIGN (0x4)

.init_array     0x0000000008002be8        0x4
                0x0000000008002be8                . = ALIGN (0x4)
                0x0000000008002be8                PROVIDE (__init_array_start = .)
 *(SORT_BY_NAME(.init_array.*))
 *(.init_array*)
 .init_array    0x0000000008002be8        0x4 c:/st/stm32cubeide_1.7.0/stm32cubeide/plugins/com.st.stm32cube.ide.mcu.externaltools.gnu-tools-for-stm32.9-2020-q2-update.win32_2.0.0.202105311346/tools/bin/../lib/gcc/arm-none-eabi/9.3.1/thumb/v7-m/nofp/crtbegin.o
                0x0000000008002bec                PROVIDE (__init_array_end = .)
                0x0000000008002bec                . = ALIGN (0x4)

.fini_array     0x0000000008002bec        0x4
                0x0000000008002bec                . = ALIGN (0x4)
                [!provide]                        PROVIDE (__fini_array_start = .)
 *(SORT_BY_NAME(.fini_array.*))
 *(.fini_array*)
 .fini_array    0x0000000008002bec        0x4 c:/st/stm32cubeide_1.7.0/stm32cubeide/plugins/com.st.stm32cube.ide.mcu.externaltools.gnu-tools-for-stm32.9-2020-q2-update.win32_2.0.0.202105311346/tools/bin/../lib/gcc/arm-none-eabi/9.3.1/thumb/v7-m/nofp/crtbegin.o
                [!provide]                        PROVIDE (__fini_array_end = .)
                0x0000000008002bf0                . = ALIGN (0x4)
                0x0000000008002bf0                _sidata = LOADADDR (.data)

.data           0x0000000020000000       0x2c load address 0x0000000008002bf0
                0x0000000020000000                . = ALIGN (0x4)
                0x0000000020000000                _sdata = .
 *(.data)
 *(.data*)
 .data.debounceButtonBuffer1
                0x0000000020000000        0x3 ./Core/Src/input_reading.o
 *fill*         0x0000000020000003        0x1 
 .data.debounceButtonBuffer2
                0x0000000020000004        0x3 ./Core/Src/input_reading.o
 *fill*         0x0000000020000007        0x1 
 .data.BUTTON   0x0000000020000008        0x6 ./Core/Src/input_reading.o
                0x0000000020000008                BUTTON
 *fill*         0x000000002000000e        0x2 
 .data.led_time
                0x0000000020000010        0xc ./Core/Src/normal_mode.o
                0x0000000020000010                led_time
 .data.timer0_counter
                0x000000002000001c        0x4 ./Core/Src/software_timer.o
                0x000000002000001c                timer0_counter
 .data.SystemCoreClock
                0x0000000020000020        0x4 ./Core/Src/system_stm32f1xx.o
                0x0000000020000020                SystemCoreClock
 .data.uwTickPrio
                0x0000000020000024        0x4 ./Drivers/STM32F1xx_HAL_Driver/Src/stm32f1xx_hal.o
                0x0000000020000024                uwTickPrio
 .data.uwTickFreq
                0x0000000020000028        0x1 ./Drivers/STM32F1xx_HAL_Driver/Src/stm32f1xx_hal.o
                0x0000000020000028                uwTickFreq
 *(.RamFunc)
 *(.RamFunc*)
                0x000000002000002c                . = ALIGN (0x4)
 *fill*         0x0000000020000029        0x3 
                0x000000002000002c                _edata = .

.igot.plt       0x000000002000002c        0x0 load address 0x0000000008002c1c
 .igot.plt      0x000000002000002c        0x0 c:/st/stm32cubeide_1.7.0/stm32cubeide/plugins/com.st.stm32cube.ide.mcu.externaltools.gnu-tools-for-stm32.9-2020-q2-update.win32_2.0.0.202105311346/tools/bin/../lib/gcc/arm-none-eabi/9.3.1/thumb/v7-m/nofp/crtbegin.o
                0x000000002000002c                . = ALIGN (0x4)

.bss            0x000000002000002c       0xac load address 0x0000000008002c1c
                0x000000002000002c                _sbss = .
                0x000000002000002c                __bss_start__ = _sbss
 *(.bss)
 .bss           0x000000002000002c       0x1c c:/st/stm32cubeide_1.7.0/stm32cubeide/plugins/com.st.stm32cube.ide.mcu.externaltools.gnu-tools-for-stm32.9-2020-q2-update.win32_2.0.0.202105311346/tools/bin/../lib/gcc/arm-none-eabi/9.3.1/thumb/v7-m/nofp/crtbegin.o
 *(.bss*)
 .bss.buttonState_0
                0x0000000020000048        0x1 ./Core/Src/input_processing.o
                0x0000000020000048                buttonState_0
 .bss.buttonState_1
                0x0000000020000049        0x1 ./Core/Src/input_processing.o
                0x0000000020000049                buttonState_1
 .bss.buttonState_2
                0x000000002000004a        0x1 ./Core/Src/input_processing.o
                0x000000002000004a                buttonState_2
 .bss.light_state
                0x000000002000004b        0x1 ./Core/Src/input_processing.o
                0x000000002000004b                light_state
 .bss.mode_and_time
                0x000000002000004c        0x4 ./Core/Src/input_processing.o
                0x000000002000004c                mode_and_time
 .bss.mode      0x0000000020000050        0x1 ./Core/Src/input_processing.o
                0x0000000020000050                mode
 *fill*         0x0000000020000051        0x3 
 .bss.is_press_flag
                0x0000000020000054        0xc ./Core/Src/input_processing.o
                0x0000000020000054                is_press_flag
 .bss.buttonBuffer
                0x0000000020000060        0x3 ./Core/Src/input_reading.o
 *fill*         0x0000000020000063        0x1 
 .bss.flagForButtonPress1s
                0x0000000020000064        0x3 ./Core/Src/input_reading.o
 *fill*         0x0000000020000067        0x1 
 .bss.counterForButtonPress1s
                0x0000000020000068        0x6 ./Core/Src/input_reading.o
 *fill*         0x000000002000006e        0x2 
 .bss.led_time_buffer
                0x0000000020000070        0xc ./Core/Src/normal_mode.o
                0x0000000020000070                led_time_buffer
 .bss.horizontal_countdown
                0x000000002000007c        0x4 ./Core/Src/normal_mode.o
                0x000000002000007c                horizontal_countdown
 .bss.vertical_countdown
                0x0000000020000080        0x4 ./Core/Src/normal_mode.o
                0x0000000020000080                vertical_countdown
 .bss.hori_verti_state
                0x0000000020000084        0x4 ./Core/Src/normal_mode.o
                0x0000000020000084                hori_verti_state
 .bss.timer0_flag
                0x0000000020000088        0x4 ./Core/Src/software_timer.o
                0x0000000020000088                timer0_flag
 *(COMMON)
 COMMON         0x000000002000008c       0x48 ./Core/Src/main.o
                0x000000002000008c                htim2
 COMMON         0x00000000200000d4        0x4 ./Drivers/STM32F1xx_HAL_Driver/Src/stm32f1xx_hal.o
                0x00000000200000d4                uwTick
                0x00000000200000d8                . = ALIGN (0x4)
                0x00000000200000d8                _ebss = .
                0x00000000200000d8                __bss_end__ = _ebss

._user_heap_stack
                0x00000000200000d8      0x600 load address 0x0000000008002c1c
                0x00000000200000d8                . = ALIGN (0x8)
                [!provide]                        PROVIDE (end = .)
                0x00000000200000d8                PROVIDE (_end = .)
                0x00000000200002d8                . = (. + _Min_Heap_Size)
 *fill*         0x00000000200000d8      0x200 
                0x00000000200006d8                . = (. + _Min_Stack_Size)
 *fill*         0x00000000200002d8      0x400 
                0x00000000200006d8                . = ALIGN (0x8)

/DISCARD/
 libc.a(*)
 libm.a(*)
 libgcc.a(*)

.ARM.attributes
                0x0000000000000000       0x29
 *(.ARM.attributes)
 .ARM.attributes
                0x0000000000000000       0x1d c:/st/stm32cubeide_1.7.0/stm32cubeide/plugins/com.st.stm32cube.ide.mcu.externaltools.gnu-tools-for-stm32.9-2020-q2-update.win32_2.0.0.202105311346/tools/bin/../lib/gcc/arm-none-eabi/9.3.1/thumb/v7-m/nofp/crti.o
 .ARM.attributes
                0x000000000000001d       0x2d c:/st/stm32cubeide_1.7.0/stm32cubeide/plugins/com.st.stm32cube.ide.mcu.externaltools.gnu-tools-for-stm32.9-2020-q2-update.win32_2.0.0.202105311346/tools/bin/../lib/gcc/arm-none-eabi/9.3.1/thumb/v7-m/nofp/crtbegin.o
 .ARM.attributes
                0x000000000000004a       0x2d ./Core/Src/7seg.o
 .ARM.attributes
                0x0000000000000077       0x2d ./Core/Src/input_processing.o
 .ARM.attributes
                0x00000000000000a4       0x2d ./Core/Src/input_reading.o
 .ARM.attributes
                0x00000000000000d1       0x2d ./Core/Src/main.o
 .ARM.attributes
                0x00000000000000fe       0x2d ./Core/Src/mode_processing.o
 .ARM.attributes
                0x000000000000012b       0x2d ./Core/Src/normal_mode.o
 .ARM.attributes
                0x0000000000000158       0x2d ./Core/Src/software_timer.o
 .ARM.attributes
                0x0000000000000185       0x2d ./Core/Src/stm32f1xx_hal_msp.o
 .ARM.attributes
                0x00000000000001b2       0x2d ./Core/Src/stm32f1xx_it.o
 .ARM.attributes
                0x00000000000001df       0x2d ./Core/Src/system_stm32f1xx.o
 .ARM.attributes
                0x000000000000020c       0x2d ./Core/Src/timer.o
 .ARM.attributes
                0x0000000000000239       0x21 ./Core/Startup/startup_stm32f103rbtx.o
 .ARM.attributes
                0x000000000000025a       0x2d ./Drivers/STM32F1xx_HAL_Driver/Src/stm32f1xx_hal.o
 .ARM.attributes
                0x0000000000000287       0x2d ./Drivers/STM32F1xx_HAL_Driver/Src/stm32f1xx_hal_cortex.o
 .ARM.attributes
                0x00000000000002b4       0x2d ./Drivers/STM32F1xx_HAL_Driver/Src/stm32f1xx_hal_gpio.o
 .ARM.attributes
                0x00000000000002e1       0x2d ./Drivers/STM32F1xx_HAL_Driver/Src/stm32f1xx_hal_rcc.o
 .ARM.attributes
                0x000000000000030e       0x2d ./Drivers/STM32F1xx_HAL_Driver/Src/stm32f1xx_hal_tim.o
 .ARM.attributes
                0x000000000000033b       0x2d ./Drivers/STM32F1xx_HAL_Driver/Src/stm32f1xx_hal_tim_ex.o
 .ARM.attributes
                0x0000000000000368       0x2d c:/st/stm32cubeide_1.7.0/stm32cubeide/plugins/com.st.stm32cube.ide.mcu.externaltools.gnu-tools-for-stm32.9-2020-q2-update.win32_2.0.0.202105311346/tools/bin/../lib/gcc/arm-none-eabi/9.3.1/../../../../arm-none-eabi/lib/thumb/v7-m/nofp\libc_nano.a(lib_a-init.o)
 .ARM.attributes
                0x0000000000000395       0x2d c:/st/stm32cubeide_1.7.0/stm32cubeide/plugins/com.st.stm32cube.ide.mcu.externaltools.gnu-tools-for-stm32.9-2020-q2-update.win32_2.0.0.202105311346/tools/bin/../lib/gcc/arm-none-eabi/9.3.1/../../../../arm-none-eabi/lib/thumb/v7-m/nofp\libc_nano.a(lib_a-memset.o)
 .ARM.attributes
                0x00000000000003c2       0x1d c:/st/stm32cubeide_1.7.0/stm32cubeide/plugins/com.st.stm32cube.ide.mcu.externaltools.gnu-tools-for-stm32.9-2020-q2-update.win32_2.0.0.202105311346/tools/bin/../lib/gcc/arm-none-eabi/9.3.1/thumb/v7-m/nofp/crtn.o
OUTPUT(lab3_xuong_mach.elf elf32-littlearm)
LOAD linker stubs
LOAD c:/st/stm32cubeide_1.7.0/stm32cubeide/plugins/com.st.stm32cube.ide.mcu.externaltools.gnu-tools-for-stm32.9-2020-q2-update.win32_2.0.0.202105311346/tools/bin/../lib/gcc/arm-none-eabi/9.3.1/../../../../arm-none-eabi/lib/thumb/v7-m/nofp\libc.a
LOAD c:/st/stm32cubeide_1.7.0/stm32cubeide/plugins/com.st.stm32cube.ide.mcu.externaltools.gnu-tools-for-stm32.9-2020-q2-update.win32_2.0.0.202105311346/tools/bin/../lib/gcc/arm-none-eabi/9.3.1/../../../../arm-none-eabi/lib/thumb/v7-m/nofp\libm.a
LOAD c:/st/stm32cubeide_1.7.0/stm32cubeide/plugins/com.st.stm32cube.ide.mcu.externaltools.gnu-tools-for-stm32.9-2020-q2-update.win32_2.0.0.202105311346/tools/bin/../lib/gcc/arm-none-eabi/9.3.1/thumb/v7-m/nofp\libgcc.a

.debug_info     0x0000000000000000     0x9c9c
 .debug_info    0x0000000000000000      0x29b ./Core/Src/7seg.o
 .debug_info    0x000000000000029b      0x347 ./Core/Src/input_processing.o
 .debug_info    0x00000000000005e2      0x35e ./Core/Src/input_reading.o
 .debug_info    0x0000000000000940      0xbbc ./Core/Src/main.o
 .debug_info    0x00000000000014fc      0x34d ./Core/Src/mode_processing.o
 .debug_info    0x0000000000001849      0x367 ./Core/Src/normal_mode.o
 .debug_info    0x0000000000001bb0       0x90 ./Core/Src/software_timer.o
 .debug_info    0x0000000000001c40      0xa27 ./Core/Src/stm32f1xx_hal_msp.o
 .debug_info    0x0000000000002667      0x7b9 ./Core/Src/stm32f1xx_it.o
 .debug_info    0x0000000000002e20      0x2be ./Core/Src/system_stm32f1xx.o
 .debug_info    0x00000000000030de      0x731 ./Core/Src/timer.o
 .debug_info    0x000000000000380f       0x22 ./Core/Startup/startup_stm32f103rbtx.o
 .debug_info    0x0000000000003831      0x76a ./Drivers/STM32F1xx_HAL_Driver/Src/stm32f1xx_hal.o
 .debug_info    0x0000000000003f9b      0xbdc ./Drivers/STM32F1xx_HAL_Driver/Src/stm32f1xx_hal_cortex.o
 .debug_info    0x0000000000004b77      0x701 ./Drivers/STM32F1xx_HAL_Driver/Src/stm32f1xx_hal_gpio.o
 .debug_info    0x0000000000005278      0x893 ./Drivers/STM32F1xx_HAL_Driver/Src/stm32f1xx_hal_rcc.o
 .debug_info    0x0000000000005b0b     0x2c12 ./Drivers/STM32F1xx_HAL_Driver/Src/stm32f1xx_hal_tim.o
 .debug_info    0x000000000000871d     0x157f ./Drivers/STM32F1xx_HAL_Driver/Src/stm32f1xx_hal_tim_ex.o

.debug_abbrev   0x0000000000000000     0x1ccd
 .debug_abbrev  0x0000000000000000      0x12e ./Core/Src/7seg.o
 .debug_abbrev  0x000000000000012e       0xef ./Core/Src/input_processing.o
 .debug_abbrev  0x000000000000021d      0x167 ./Core/Src/input_reading.o
 .debug_abbrev  0x0000000000000384      0x230 ./Core/Src/main.o
 .debug_abbrev  0x00000000000005b4      0x12e ./Core/Src/mode_processing.o
 .debug_abbrev  0x00000000000006e2      0x138 ./Core/Src/normal_mode.o
 .debug_abbrev  0x000000000000081a       0x98 ./Core/Src/software_timer.o
 .debug_abbrev  0x00000000000008b2      0x1b7 ./Core/Src/stm32f1xx_hal_msp.o
 .debug_abbrev  0x0000000000000a69      0x176 ./Core/Src/stm32f1xx_it.o
 .debug_abbrev  0x0000000000000bdf      0x14e ./Core/Src/system_stm32f1xx.o
 .debug_abbrev  0x0000000000000d2d      0x16f ./Core/Src/timer.o
 .debug_abbrev  0x0000000000000e9c       0x12 ./Core/Startup/startup_stm32f103rbtx.o
 .debug_abbrev  0x0000000000000eae      0x1ed ./Drivers/STM32F1xx_HAL_Driver/Src/stm32f1xx_hal.o
 .debug_abbrev  0x000000000000109b      0x313 ./Drivers/STM32F1xx_HAL_Driver/Src/stm32f1xx_hal_cortex.o
 .debug_abbrev  0x00000000000013ae      0x1e8 ./Drivers/STM32F1xx_HAL_Driver/Src/stm32f1xx_hal_gpio.o
 .debug_abbrev  0x0000000000001596      0x273 ./Drivers/STM32F1xx_HAL_Driver/Src/stm32f1xx_hal_rcc.o
 .debug_abbrev  0x0000000000001809      0x25e ./Drivers/STM32F1xx_HAL_Driver/Src/stm32f1xx_hal_tim.o
 .debug_abbrev  0x0000000000001a67      0x266 ./Drivers/STM32F1xx_HAL_Driver/Src/stm32f1xx_hal_tim_ex.o

.debug_aranges  0x0000000000000000      0xa50
 .debug_aranges
                0x0000000000000000       0x30 ./Core/Src/7seg.o
 .debug_aranges
                0x0000000000000030       0x20 ./Core/Src/input_processing.o
 .debug_aranges
                0x0000000000000050       0x30 ./Core/Src/input_reading.o
 .debug_aranges
                0x0000000000000080       0x40 ./Core/Src/main.o
 .debug_aranges
                0x00000000000000c0       0x38 ./Core/Src/mode_processing.o
 .debug_aranges
                0x00000000000000f8       0x28 ./Core/Src/normal_mode.o
 .debug_aranges
                0x0000000000000120       0x28 ./Core/Src/software_timer.o
 .debug_aranges
                0x0000000000000148       0x30 ./Core/Src/stm32f1xx_hal_msp.o
 .debug_aranges
                0x0000000000000178       0x68 ./Core/Src/stm32f1xx_it.o
 .debug_aranges
                0x00000000000001e0       0x28 ./Core/Src/system_stm32f1xx.o
 .debug_aranges
                0x0000000000000208       0x20 ./Core/Src/timer.o
 .debug_aranges
                0x0000000000000228       0x28 ./Core/Startup/startup_stm32f103rbtx.o
 .debug_aranges
                0x0000000000000250       0xe0 ./Drivers/STM32F1xx_HAL_Driver/Src/stm32f1xx_hal.o
 .debug_aranges
                0x0000000000000330      0x100 ./Drivers/STM32F1xx_HAL_Driver/Src/stm32f1xx_hal_cortex.o
 .debug_aranges
                0x0000000000000430       0x58 ./Drivers/STM32F1xx_HAL_Driver/Src/stm32f1xx_hal_gpio.o
 .debug_aranges
                0x0000000000000488       0x90 ./Drivers/STM32F1xx_HAL_Driver/Src/stm32f1xx_hal_rcc.o
 .debug_aranges
                0x0000000000000518      0x3d0 ./Drivers/STM32F1xx_HAL_Driver/Src/stm32f1xx_hal_tim.o
 .debug_aranges
                0x00000000000008e8      0x168 ./Drivers/STM32F1xx_HAL_Driver/Src/stm32f1xx_hal_tim_ex.o

.debug_ranges   0x0000000000000000      0x938
 .debug_ranges  0x0000000000000000       0x20 ./Core/Src/7seg.o
 .debug_ranges  0x0000000000000020       0x10 ./Core/Src/input_processing.o
 .debug_ranges  0x0000000000000030       0x20 ./Core/Src/input_reading.o
 .debug_ranges  0x0000000000000050       0x30 ./Core/Src/main.o
 .debug_ranges  0x0000000000000080       0x28 ./Core/Src/mode_processing.o
 .debug_ranges  0x00000000000000a8       0x18 ./Core/Src/normal_mode.o
 .debug_ranges  0x00000000000000c0       0x18 ./Core/Src/software_timer.o
 .debug_ranges  0x00000000000000d8       0x20 ./Core/Src/stm32f1xx_hal_msp.o
 .debug_ranges  0x00000000000000f8       0x58 ./Core/Src/stm32f1xx_it.o
 .debug_ranges  0x0000000000000150       0x18 ./Core/Src/system_stm32f1xx.o
 .debug_ranges  0x0000000000000168       0x10 ./Core/Src/timer.o
 .debug_ranges  0x0000000000000178       0x20 ./Core/Startup/startup_stm32f103rbtx.o
 .debug_ranges  0x0000000000000198       0xd0 ./Drivers/STM32F1xx_HAL_Driver/Src/stm32f1xx_hal.o
 .debug_ranges  0x0000000000000268       0xf0 ./Drivers/STM32F1xx_HAL_Driver/Src/stm32f1xx_hal_cortex.o
 .debug_ranges  0x0000000000000358       0x48 ./Drivers/STM32F1xx_HAL_Driver/Src/stm32f1xx_hal_gpio.o
 .debug_ranges  0x00000000000003a0       0x80 ./Drivers/STM32F1xx_HAL_Driver/Src/stm32f1xx_hal_rcc.o
 .debug_ranges  0x0000000000000420      0x3c0 ./Drivers/STM32F1xx_HAL_Driver/Src/stm32f1xx_hal_tim.o
 .debug_ranges  0x00000000000007e0      0x158 ./Drivers/STM32F1xx_HAL_Driver/Src/stm32f1xx_hal_tim_ex.o

.debug_macro    0x0000000000000000    0x1723f
 .debug_macro   0x0000000000000000      0x1b2 ./Core/Src/7seg.o
 .debug_macro   0x00000000000001b2      0xa9c ./Core/Src/7seg.o
 .debug_macro   0x0000000000000c4e      0x215 ./Core/Src/7seg.o
 .debug_macro   0x0000000000000e63       0x2e ./Core/Src/7seg.o
 .debug_macro   0x0000000000000e91       0x22 ./Core/Src/7seg.o
 .debug_macro   0x0000000000000eb3       0x22 ./Core/Src/7seg.o
 .debug_macro   0x0000000000000ed5       0x8e ./Core/Src/7seg.o
 .debug_macro   0x0000000000000f63       0x51 ./Core/Src/7seg.o
 .debug_macro   0x0000000000000fb4      0x103 ./Core/Src/7seg.o
 .debug_macro   0x00000000000010b7       0x6a ./Core/Src/7seg.o
 .debug_macro   0x0000000000001121      0x1df ./Core/Src/7seg.o
 .debug_macro   0x0000000000001300       0x1c ./Core/Src/7seg.o
 .debug_macro   0x000000000000131c       0x22 ./Core/Src/7seg.o
 .debug_macro   0x000000000000133e       0xc3 ./Core/Src/7seg.o
 .debug_macro   0x0000000000001401      0xd23 ./Core/Src/7seg.o
 .debug_macro   0x0000000000002124     0xe09e ./Core/Src/7seg.o
 .debug_macro   0x00000000000101c2       0x6d ./Core/Src/7seg.o
 .debug_macro   0x000000000001022f     0x348d ./Core/Src/7seg.o
 .debug_macro   0x00000000000136bc      0x174 ./Core/Src/7seg.o
 .debug_macro   0x0000000000013830       0x5c ./Core/Src/7seg.o
 .debug_macro   0x000000000001388c      0x5bc ./Core/Src/7seg.o
 .debug_macro   0x0000000000013e48      0x289 ./Core/Src/7seg.o
 .debug_macro   0x00000000000140d1      0x1cb ./Core/Src/7seg.o
 .debug_macro   0x000000000001429c      0x114 ./Core/Src/7seg.o
 .debug_macro   0x00000000000143b0      0x1b2 ./Core/Src/7seg.o
 .debug_macro   0x0000000000014562       0x27 ./Core/Src/7seg.o
 .debug_macro   0x0000000000014589      0x136 ./Core/Src/7seg.o
 .debug_macro   0x00000000000146bf      0x1bc ./Core/Src/7seg.o
 .debug_macro   0x000000000001487b       0x34 ./Core/Src/7seg.o
 .debug_macro   0x00000000000148af       0x3c ./Core/Src/7seg.o
 .debug_macro   0x00000000000148eb       0x57 ./Core/Src/7seg.o
 .debug_macro   0x0000000000014942       0x87 ./Core/Src/7seg.o
 .debug_macro   0x00000000000149c9      0x240 ./Core/Src/7seg.o
 .debug_macro   0x0000000000014c09      0x140 ./Core/Src/7seg.o
 .debug_macro   0x0000000000014d49      0x8ed ./Core/Src/7seg.o
 .debug_macro   0x0000000000015636       0x83 ./Core/Src/7seg.o
 .debug_macro   0x00000000000156b9      0x124 ./Core/Src/7seg.o
 .debug_macro   0x00000000000157dd      0x1e6 ./Core/Src/input_processing.o
 .debug_macro   0x00000000000159c3       0x10 ./Core/Src/input_processing.o
 .debug_macro   0x00000000000159d3       0x22 ./Core/Src/input_processing.o
 .debug_macro   0x00000000000159f5      0x1c3 ./Core/Src/input_reading.o
 .debug_macro   0x0000000000015bb8      0x1b2 ./Core/Src/main.o
 .debug_macro   0x0000000000015d6a      0x1f0 ./Core/Src/mode_processing.o
 .debug_macro   0x0000000000015f5a      0x1de ./Core/Src/normal_mode.o
 .debug_macro   0x0000000000016138       0x21 ./Core/Src/software_timer.o
 .debug_macro   0x0000000000016159      0x1a8 ./Core/Src/stm32f1xx_hal_msp.o
 .debug_macro   0x0000000000016301      0x1b2 ./Core/Src/stm32f1xx_it.o
 .debug_macro   0x00000000000164b3      0x199 ./Core/Src/system_stm32f1xx.o
 .debug_macro   0x000000000001664c      0x1bb ./Core/Src/timer.o
 .debug_macro   0x0000000000016807      0x1bd ./Drivers/STM32F1xx_HAL_Driver/Src/stm32f1xx_hal.o
 .debug_macro   0x00000000000169c4      0x199 ./Drivers/STM32F1xx_HAL_Driver/Src/stm32f1xx_hal_cortex.o
 .debug_macro   0x0000000000016b5d      0x204 ./Drivers/STM32F1xx_HAL_Driver/Src/stm32f1xx_hal_gpio.o
 .debug_macro   0x0000000000016d61      0x1ab ./Drivers/STM32F1xx_HAL_Driver/Src/stm32f1xx_hal_rcc.o
 .debug_macro   0x0000000000016f0c      0x19a ./Drivers/STM32F1xx_HAL_Driver/Src/stm32f1xx_hal_tim.o
 .debug_macro   0x00000000000170a6      0x199 ./Drivers/STM32F1xx_HAL_Driver/Src/stm32f1xx_hal_tim_ex.o

.debug_line     0x0000000000000000     0xc050
 .debug_line    0x0000000000000000      0x733 ./Core/Src/7seg.o
 .debug_line    0x0000000000000733      0x79b ./Core/Src/input_processing.o
 .debug_line    0x0000000000000ece      0x720 ./Core/Src/input_reading.o
 .debug_line    0x00000000000015ee      0x789 ./Core/Src/main.o
 .debug_line    0x0000000000001d77      0x7da ./Core/Src/mode_processing.o
 .debug_line    0x0000000000002551      0x7cf ./Core/Src/normal_mode.o
 .debug_line    0x0000000000002d20       0xa0 ./Core/Src/software_timer.o
 .debug_line    0x0000000000002dc0      0x6a1 ./Core/Src/stm32f1xx_hal_msp.o
 .debug_line    0x0000000000003461      0x73f ./Core/Src/stm32f1xx_it.o
 .debug_line    0x0000000000003ba0      0x6e3 ./Core/Src/system_stm32f1xx.o
 .debug_line    0x0000000000004283      0x685 ./Core/Src/timer.o
 .debug_line    0x0000000000004908       0x86 ./Core/Startup/startup_stm32f103rbtx.o
 .debug_line    0x000000000000498e      0x910 ./Drivers/STM32F1xx_HAL_Driver/Src/stm32f1xx_hal.o
 .debug_line    0x000000000000529e      0xaf8 ./Drivers/STM32F1xx_HAL_Driver/Src/stm32f1xx_hal_cortex.o
 .debug_line    0x0000000000005d96      0x9a9 ./Drivers/STM32F1xx_HAL_Driver/Src/stm32f1xx_hal_gpio.o
 .debug_line    0x000000000000673f      0xd1c ./Drivers/STM32F1xx_HAL_Driver/Src/stm32f1xx_hal_rcc.o
 .debug_line    0x000000000000745b     0x338f ./Drivers/STM32F1xx_HAL_Driver/Src/stm32f1xx_hal_tim.o
 .debug_line    0x000000000000a7ea     0x1866 ./Drivers/STM32F1xx_HAL_Driver/Src/stm32f1xx_hal_tim_ex.o

.debug_str      0x0000000000000000    0x849cd
 .debug_str     0x0000000000000000    0x81b4f ./Core/Src/7seg.o
                                      0x81e8c (size before relaxing)
 .debug_str     0x0000000000081b4f      0x2f1 ./Core/Src/input_processing.o
                                      0x82107 (size before relaxing)
 .debug_str     0x0000000000081e40      0x135 ./Core/Src/input_reading.o
                                      0x81fae (size before relaxing)
 .debug_str     0x0000000000081f75      0x6bc ./Core/Src/main.o
                                      0x8261a (size before relaxing)
 .debug_str     0x0000000000082631       0x54 ./Core/Src/mode_processing.o
                                      0x82038 (size before relaxing)
 .debug_str     0x0000000000082685       0x4d ./Core/Src/normal_mode.o
                                      0x8200e (size before relaxing)
 .debug_str     0x00000000000826d2       0x56 ./Core/Src/software_timer.o
                                       0x2e18 (size before relaxing)
 .debug_str     0x0000000000082728      0x2f4 ./Core/Src/stm32f1xx_hal_msp.o
                                      0x8266b (size before relaxing)
 .debug_str     0x0000000000082a1c       0xcd ./Core/Src/stm32f1xx_it.o
                                      0x82393 (size before relaxing)
 .debug_str     0x0000000000082ae9       0x52 ./Core/Src/system_stm32f1xx.o
                                      0x81aae (size before relaxing)
 .debug_str     0x0000000000082b3b       0x37 ./Core/Src/timer.o
                                      0x82340 (size before relaxing)
 .debug_str     0x0000000000082b72       0x36 ./Core/Startup/startup_stm32f103rbtx.o
                                         0xb2 (size before relaxing)
 .debug_str     0x0000000000082ba8      0x304 ./Drivers/STM32F1xx_HAL_Driver/Src/stm32f1xx_hal.o
                                      0x8213f (size before relaxing)
 .debug_str     0x0000000000082eac      0x300 ./Drivers/STM32F1xx_HAL_Driver/Src/stm32f1xx_hal_cortex.o
                                      0x82147 (size before relaxing)
 .debug_str     0x00000000000831ac      0x316 ./Drivers/STM32F1xx_HAL_Driver/Src/stm32f1xx_hal_gpio.o
                                      0x81e72 (size before relaxing)
 .debug_str     0x00000000000834c2      0x24f ./Drivers/STM32F1xx_HAL_Driver/Src/stm32f1xx_hal_rcc.o
                                      0x81eab (size before relaxing)
 .debug_str     0x0000000000083711      0xdce ./Drivers/STM32F1xx_HAL_Driver/Src/stm32f1xx_hal_tim.o
                                      0x82e84 (size before relaxing)
 .debug_str     0x00000000000844df      0x4ee ./Drivers/STM32F1xx_HAL_Driver/Src/stm32f1xx_hal_tim_ex.o
                                      0x82635 (size before relaxing)

.comment        0x0000000000000000       0x53
 .comment       0x0000000000000000       0x53 ./Core/Src/7seg.o
                                         0x54 (size before relaxing)
 .comment       0x0000000000000053       0x54 ./Core/Src/input_processing.o
 .comment       0x0000000000000053       0x54 ./Core/Src/input_reading.o
 .comment       0x0000000000000053       0x54 ./Core/Src/main.o
 .comment       0x0000000000000053       0x54 ./Core/Src/mode_processing.o
 .comment       0x0000000000000053       0x54 ./Core/Src/normal_mode.o
 .comment       0x0000000000000053       0x54 ./Core/Src/software_timer.o
 .comment       0x0000000000000053       0x54 ./Core/Src/stm32f1xx_hal_msp.o
 .comment       0x0000000000000053       0x54 ./Core/Src/stm32f1xx_it.o
 .comment       0x0000000000000053       0x54 ./Core/Src/system_stm32f1xx.o
 .comment       0x0000000000000053       0x54 ./Core/Src/timer.o
 .comment       0x0000000000000053       0x54 ./Drivers/STM32F1xx_HAL_Driver/Src/stm32f1xx_hal.o
 .comment       0x0000000000000053       0x54 ./Drivers/STM32F1xx_HAL_Driver/Src/stm32f1xx_hal_cortex.o
 .comment       0x0000000000000053       0x54 ./Drivers/STM32F1xx_HAL_Driver/Src/stm32f1xx_hal_gpio.o
 .comment       0x0000000000000053       0x54 ./Drivers/STM32F1xx_HAL_Driver/Src/stm32f1xx_hal_rcc.o
 .comment       0x0000000000000053       0x54 ./Drivers/STM32F1xx_HAL_Driver/Src/stm32f1xx_hal_tim.o
 .comment       0x0000000000000053       0x54 ./Drivers/STM32F1xx_HAL_Driver/Src/stm32f1xx_hal_tim_ex.o

.debug_frame    0x0000000000000000     0x2834
 .debug_frame   0x0000000000000000       0x84 ./Core/Src/7seg.o
 .debug_frame   0x0000000000000084       0x2c ./Core/Src/input_processing.o
 .debug_frame   0x00000000000000b0       0x88 ./Core/Src/input_reading.o
 .debug_frame   0x0000000000000138       0xb0 ./Core/Src/main.o
 .debug_frame   0x00000000000001e8       0x80 ./Core/Src/mode_processing.o
 .debug_frame   0x0000000000000268       0x48 ./Core/Src/normal_mode.o
 .debug_frame   0x00000000000002b0       0x58 ./Core/Src/software_timer.o
 .debug_frame   0x0000000000000308       0x80 ./Core/Src/stm32f1xx_hal_msp.o
 .debug_frame   0x0000000000000388      0x120 ./Core/Src/stm32f1xx_it.o
 .debug_frame   0x00000000000004a8       0x58 ./Core/Src/system_stm32f1xx.o
 .debug_frame   0x0000000000000500       0x34 ./Core/Src/timer.o
 .debug_frame   0x0000000000000534      0x334 ./Drivers/STM32F1xx_HAL_Driver/Src/stm32f1xx_hal.o
 .debug_frame   0x0000000000000868      0x428 ./Drivers/STM32F1xx_HAL_Driver/Src/stm32f1xx_hal_cortex.o
 .debug_frame   0x0000000000000c90      0x14c ./Drivers/STM32F1xx_HAL_Driver/Src/stm32f1xx_hal_gpio.o
 .debug_frame   0x0000000000000ddc      0x218 ./Drivers/STM32F1xx_HAL_Driver/Src/stm32f1xx_hal_rcc.o
 .debug_frame   0x0000000000000ff4     0x11bc ./Drivers/STM32F1xx_HAL_Driver/Src/stm32f1xx_hal_tim.o
 .debug_frame   0x00000000000021b0      0x638 ./Drivers/STM32F1xx_HAL_Driver/Src/stm32f1xx_hal_tim_ex.o
 .debug_frame   0x00000000000027e8       0x2c c:/st/stm32cubeide_1.7.0/stm32cubeide/plugins/com.st.stm32cube.ide.mcu.externaltools.gnu-tools-for-stm32.9-2020-q2-update.win32_2.0.0.202105311346/tools/bin/../lib/gcc/arm-none-eabi/9.3.1/../../../../arm-none-eabi/lib/thumb/v7-m/nofp\libc_nano.a(lib_a-init.o)
 .debug_frame   0x0000000000002814       0x20 c:/st/stm32cubeide_1.7.0/stm32cubeide/plugins/com.st.stm32cube.ide.mcu.externaltools.gnu-tools-for-stm32.9-2020-q2-update.win32_2.0.0.202105311346/tools/bin/../lib/gcc/arm-none-eabi/9.3.1/../../../../arm-none-eabi/lib/thumb/v7-m/nofp\libc_nano.a(lib_a-memset.o)
