10:50:22 **** Incremental Build of configuration Debug for project lab3_xuong_mach ****
make -j8 all 
arm-none-eabi-gcc "../Core/Src/normal_mode.c" -mcpu=cortex-m3 -std=gnu11 -g3 -DDEBUG -DUSE_HAL_DRIVER -DSTM32F103xB -c -I../Core/Inc -I../Drivers/STM32F1xx_HAL_Driver/Inc -I../Drivers/STM32F1xx_HAL_Driver/Inc/Legacy -I../Drivers/CMSIS/Device/ST/STM32F1xx/Include -I../Drivers/CMSIS/Include -O0 -ffunction-sections -fdata-sections -Wall -fstack-usage -MMD -MP -MF"Core/Src/normal_mode.d" -MT"Core/Src/normal_mode.o" --specs=nano.specs -mfloat-abi=soft -mthumb -o "Core/Src/normal_mode.o"
arm-none-eabi-gcc "../Core/Src/sysmem.c" -mcpu=cortex-m3 -std=gnu11 -g3 -DDEBUG -DUSE_HAL_DRIVER -DSTM32F103xB -c -I../Core/Inc -I../Drivers/STM32F1xx_HAL_Driver/Inc -I../Drivers/STM32F1xx_HAL_Driver/Inc/Legacy -I../Drivers/CMSIS/Device/ST/STM32F1xx/Include -I../Drivers/CMSIS/Include -O0 -ffunction-sections -fdata-sections -Wall -fstack-usage -MMD -MP -MF"Core/Src/sysmem.d" -MT"Core/Src/sysmem.o" --specs=nano.specs -mfloat-abi=soft -mthumb -o "Core/Src/sysmem.o"
arm-none-eabi-gcc "../Core/Src/system_stm32f1xx.c" -mcpu=cortex-m3 -std=gnu11 -g3 -DDEBUG -DUSE_HAL_DRIVER -DSTM32F103xB -c -I../Core/Inc -I../Drivers/STM32F1xx_HAL_Driver/Inc -I../Drivers/STM32F1xx_HAL_Driver/Inc/Legacy -I../Drivers/CMSIS/Device/ST/STM32F1xx/Include -I../Drivers/CMSIS/Include -O0 -ffunction-sections -fdata-sections -Wall -fstack-usage -MMD -MP -MF"Core/Src/system_stm32f1xx.d" -MT"Core/Src/system_stm32f1xx.o" --specs=nano.specs -mfloat-abi=soft -mthumb -o "Core/Src/system_stm32f1xx.o"
arm-none-eabi-gcc "../Core/Src/timer.c" -mcpu=cortex-m3 -std=gnu11 -g3 -DDEBUG -DUSE_HAL_DRIVER -DSTM32F103xB -c -I../Core/Inc -I../Drivers/STM32F1xx_HAL_Driver/Inc -I../Drivers/STM32F1xx_HAL_Driver/Inc/Legacy -I../Drivers/CMSIS/Device/ST/STM32F1xx/Include -I../Drivers/CMSIS/Include -O0 -ffunction-sections -fdata-sections -Wall -fstack-usage -MMD -MP -MF"Core/Src/timer.d" -MT"Core/Src/timer.o" --specs=nano.specs -mfloat-abi=soft -mthumb -o "Core/Src/timer.o"
arm-none-eabi-gcc -o "lab3_xuong_mach.elf" @"objects.list"   -mcpu=cortex-m3 -T"C:\Computer engineering study\3th year\Semester 1\Microprocessors-Microcontrollers\STM_workspace\lab3\lab3_xuong_mach\STM32F103RBTX_FLASH.ld" --specs=nosys.specs -Wl,-Map="lab3_xuong_mach.map" -Wl,--gc-sections -static --specs=nano.specs -mfloat-abi=soft -mthumb -Wl,--start-group -lc -lm -Wl,--end-group
Finished building target: lab3_xuong_mach.elf
 
arm-none-eabi-size   lab3_xuong_mach.elf 
arm-none-eabi-objdump -h -S  lab3_xuong_mach.elf  > "lab3_xuong_mach.list"
arm-none-eabi-objcopy  -O ihex  lab3_xuong_mach.elf  "lab3_xuong_mach.hex"
   text	   data	    bss	    dec	    hex	filename
   7444	     40	   1664	   9148	   23bc	lab3_xuong_mach.elf
arm-none-eabi-objcopy  -O binary  lab3_xuong_mach.elf  "lab3_xuong_mach.bin"
Finished building: default.size.stdout
 
Finished building: lab3_xuong_mach.list
 
Finished building: lab3_xuong_mach.hex
Finished building: lab3_xuong_mach.bin
 
 

10:50:23 Build Finished. 0 errors, 0 warnings. (took 1s.241ms)

